// Jest Snapshot v1, https://goo.gl/fbAQLP

exports[`GiftsList should render GiftsList 1`] = `
<div
  alignItems="center"
>
  <List
    autoHeight={false}
    estimatedRowSize={30}
    height={600}
    noRowsRenderer={[Function]}
    onRowsRendered={[Function]}
    onScroll={[Function]}
    overscanIndicesGetter={[Function]}
    overscanRowCount={10}
    rowCount={1}
    rowHeight={315}
    rowRenderer={[Function]}
    scrollToAlignment="auto"
    scrollToIndex={-1}
    style={Object {}}
    width={1000}
  />
</div>
`;

exports[`GiftsList should render GiftsList 2`] = `
<div
  alignItems="center"
>
  <List
    autoHeight={false}
    estimatedRowSize={30}
    height={600}
    noRowsRenderer={[Function]}
    onRowsRendered={[Function]}
    onScroll={[Function]}
    overscanIndicesGetter={[Function]}
    overscanRowCount={10}
    rowCount={1}
    rowHeight={315}
    rowRenderer={[Function]}
    scrollToAlignment="auto"
    scrollToIndex={-1}
    style={Object {}}
    width={1000}
  />
</div>
`;
